I'm sorry, but errors were detected in your script. Please correct the
errors listed below, and try again.


File "game/script.rpy", line 73: Captions and say menuitems may not exist in the same menu.
    "Acheivement system"
                        ^

Ren'Py Version: Ren'Py 7.4.11.2266
Sun Jan 30 15:48:22 2022
